###############################################################################
#
# IAR ELF Linker V8.50.4.261/W32 for ARM                  14/Aug/2020  14:03:07
# Copyright 2007-2020 IAR Systems AB.
#
#    Output file  =
#        C:\Nordic\SDK\nRF5_SDK_12.3.0_d7731ad\examples\peripheral\Aashish_test\pca10028\blank\iar\_build\spi_pca10028.out
#    Map file     =
#        C:\Nordic\SDK\nRF5_SDK_12.3.0_d7731ad\examples\peripheral\Aashish_test\pca10028\blank\iar\_build\spi_pca10028.map
#    Command line =
#        -f C:\Users\Geoffrey\AppData\Local\Temp\EWA956.tmp
#        (C:\Nordic\SDK\nRF5_SDK_12.3.0_d7731ad\examples\peripheral\Aashish_test\pca10028\blank\iar\_build\app_button.o
#        C:\Nordic\SDK\nRF5_SDK_12.3.0_d7731ad\examples\peripheral\Aashish_test\pca10028\blank\iar\_build\app_error.o
#        C:\Nordic\SDK\nRF5_SDK_12.3.0_d7731ad\examples\peripheral\Aashish_test\pca10028\blank\iar\_build\app_error_weak.o
#        C:\Nordic\SDK\nRF5_SDK_12.3.0_d7731ad\examples\peripheral\Aashish_test\pca10028\blank\iar\_build\app_timer.o
#        C:\Nordic\SDK\nRF5_SDK_12.3.0_d7731ad\examples\peripheral\Aashish_test\pca10028\blank\iar\_build\app_util_platform.o
#        C:\Nordic\SDK\nRF5_SDK_12.3.0_d7731ad\examples\peripheral\Aashish_test\pca10028\blank\iar\_build\boards.o
#        C:\Nordic\SDK\nRF5_SDK_12.3.0_d7731ad\examples\peripheral\Aashish_test\pca10028\blank\iar\_build\bsp.o
#        C:\Nordic\SDK\nRF5_SDK_12.3.0_d7731ad\examples\peripheral\Aashish_test\pca10028\blank\iar\_build\bsp_nfc.o
#        C:\Nordic\SDK\nRF5_SDK_12.3.0_d7731ad\examples\peripheral\Aashish_test\pca10028\blank\iar\_build\iar_startup_nrf51.o
#        C:\Nordic\SDK\nRF5_SDK_12.3.0_d7731ad\examples\peripheral\Aashish_test\pca10028\blank\iar\_build\main.o
#        C:\Nordic\SDK\nRF5_SDK_12.3.0_d7731ad\examples\peripheral\Aashish_test\pca10028\blank\iar\_build\nrf_assert.o
#        C:\Nordic\SDK\nRF5_SDK_12.3.0_d7731ad\examples\peripheral\Aashish_test\pca10028\blank\iar\_build\nrf_drv_common.o
#        C:\Nordic\SDK\nRF5_SDK_12.3.0_d7731ad\examples\peripheral\Aashish_test\pca10028\blank\iar\_build\nrf_drv_gpiote.o
#        C:\Nordic\SDK\nRF5_SDK_12.3.0_d7731ad\examples\peripheral\Aashish_test\pca10028\blank\iar\_build\nrf_drv_spi.o
#        C:\Nordic\SDK\nRF5_SDK_12.3.0_d7731ad\examples\peripheral\Aashish_test\pca10028\blank\iar\_build\nrf_drv_uart.o
#        C:\Nordic\SDK\nRF5_SDK_12.3.0_d7731ad\examples\peripheral\Aashish_test\pca10028\blank\iar\_build\nrf_log_backend_serial.o
#        C:\Nordic\SDK\nRF5_SDK_12.3.0_d7731ad\examples\peripheral\Aashish_test\pca10028\blank\iar\_build\nrf_log_frontend.o
#        C:\Nordic\SDK\nRF5_SDK_12.3.0_d7731ad\examples\peripheral\Aashish_test\pca10028\blank\iar\_build\RTT_Syscalls_IAR.o
#        C:\Nordic\SDK\nRF5_SDK_12.3.0_d7731ad\examples\peripheral\Aashish_test\pca10028\blank\iar\_build\sdk_errors.o
#        C:\Nordic\SDK\nRF5_SDK_12.3.0_d7731ad\examples\peripheral\Aashish_test\pca10028\blank\iar\_build\SEGGER_RTT.o
#        C:\Nordic\SDK\nRF5_SDK_12.3.0_d7731ad\examples\peripheral\Aashish_test\pca10028\blank\iar\_build\SEGGER_RTT_printf.o
#        C:\Nordic\SDK\nRF5_SDK_12.3.0_d7731ad\examples\peripheral\Aashish_test\pca10028\blank\iar\_build\system_nrf51.o
#        --redirect _Printf=_PrintfFull --redirect _Scanf=_ScanfFull
#        --no_out_extension -o
#        C:\Nordic\SDK\nRF5_SDK_12.3.0_d7731ad\examples\peripheral\Aashish_test\pca10028\blank\iar\_build\spi_pca10028.out
#        --map
#        C:\Nordic\SDK\nRF5_SDK_12.3.0_d7731ad\examples\peripheral\Aashish_test\pca10028\blank\iar\_build\spi_pca10028.map
#        --config
#        C:\Nordic\SDK\nRF5_SDK_12.3.0_d7731ad\examples\peripheral\Aashish_test\pca10028\blank\iar\spi_iar_nRF5x.icf
#        --warnings_are_errors --entry __iar_program_start --inline --vfe
#        --text_out locale)
#
###############################################################################

*******************************************************************************
*** RUNTIME MODEL ATTRIBUTES
***

CppFlavor       = *
__SystemLibrary = DLib
__dlib_version  = 6


*******************************************************************************
*** HEAP SELECTION
***

The basic heap was selected because no calls to memory allocation
functions were found in the application outside of system library
functions, and there are calls to deallocation functions in the
application.


*******************************************************************************
*** PLACEMENT SUMMARY
***

"A0":  place at address 0x0 { ro section .intvec };
"P1":  place in [from 0x0 to 0x3'ffff] { ro };
define block CSTACK with size = 2K, alignment = 8 { };
define block HEAP with size = 512, alignment = 8 { };
"P2":  place in [from 0x2000'0000 to 0x2000'7fff] {
          rw, block CSTACK, block HEAP };
initialize by copy { rw };
keep { section .intvec };

  Section            Kind         Address    Size  Object
  -------            ----         -------    ----  ------
"A0":                                        0xc0
  .intvec            ro code          0x0    0xc0  iar_startup_nrf51.o [1]
                                   - 0xc0    0xc0

"P1":                                      0x30d5
  .text              ro code         0xc0  0x111a  xprintffull.o [2]
  .text              ro code       0x11da    0x7e  lz77_init_single.o [4]
  .text              ro code       0x1258    0xc8  xlocale_c.o [2]
  .text              ro code       0x1320    0x12  strchr.o [4]
  .rodata            const         0x1332     0x2  xlocale_c.o [2]
  .text              ro code       0x1334    0x48  xfail_s.o [2]
  .text              ro code       0x137c     0xe  strlen.o [4]
  .rodata            const         0x138a     0x2  xlocale_c.o [2]
  .text              ro code       0x138c    0x16  memchr.o [4]
  .text              ro code       0x13a2     0x2  iar_startup_nrf51.o [1]
  .text              ro code       0x13a4    0x4e  ABImemcpy.o [4]
  .text              ro code       0x13f2    0x32  DblCmpLe.o [3]
  .text              ro code       0x1424    0x32  DblCmpGe.o [3]
  .text              ro code       0x1456     0x2  iar_startup_nrf51.o [1]
  .text              ro code       0x1458    0x52  DblToI32.o [3]
  .text              ro code       0x14aa     0x2  iar_startup_nrf51.o [1]
  .text              ro code       0x14ac    0x34  IxxToDbl.o [3]
  .text              ro code       0x14e0   0x1a8  DblAddSub.o [3]
  .text              ro code       0x1688    0x5e  I32DivMod.o [4]
  .text              ro code       0x16e6    0xc2  DblDiv.o [3]
  .text              ro code       0x17a8   0x184  DblMul.o [3]
  .text              ro code       0x192c     0xa  xmbcurmax.o [2]
  .text              ro code       0x1936    0x6a  I64DivMod.o [4]
  .text              ro code       0x19a0     0xa  abort.o [2]
  .text              ro code       0x19aa     0x2  iar_startup_nrf51.o [1]
  .text              ro code       0x19ac     0xc  XXexit.o [4]
  .text              ro code       0x19b8   0x3e0  app_timer.o [1]
  .text              ro code       0x1d98    0x20  app_error.o [1]
  .text              ro code       0x1db8    0x10  ABImemset_small.o [4]
  .text              ro code       0x1dc8    0x38  app_error_weak.o [1]
  .text              ro code       0x1e00   0x2fc  nrf_log_frontend.o [1]
  .text              ro code       0x20fc   0x284  nrf_log_backend_serial.o [1]
  .text              ro code       0x2380    0x2c  app_util_platform.o [1]
  .text              ro code       0x23ac   0x194  SEGGER_RTT.o [1]
  .text              ro code       0x2540    0x4c  snprintf.o [2]
  .text              ro code       0x258c    0x28  isprint.o [2]
  .text              ro code       0x25b4    0x12  isalpha.o [2]
  .text              ro code       0x25c6    0x12  ispunct.o [2]
  .text              ro code       0x25d8   0x330  nrf_drv_spi.o [1]
  .text              ro code       0x2908    0x5c  nrf_drv_common.o [1]
  .text              ro code       0x2964   0x2cc  main.o [1]
  .text              ro code       0x2c30   0x21c  nrf_drv_gpiote.o [1]
  .text              ro code       0x2e4c    0xc4  system_nrf51.o [1]
  .rodata            const         0x2f10    0x8a  xprintffull.o [2]
  .text              ro code       0x2f9a    0x3c  zero_init3.o [4]
  .text              ro code       0x2fd6     0x2  iar_startup_nrf51.o [1]
  .rodata            const         0x2fd8    0x30  main.o [1]
  .text              ro code       0x3008    0x2c  iar_startup_nrf51.o [1]
  .text              ro code       0x3034    0x28  data_init.o [4]
  .rodata            const         0x305c    0x24  main.o [1]
  .iar.init_table    const         0x3080    0x20  - Linker created -
  .text              ro code       0x30a0    0x1e  cmain.o [4]
  .text              ro code       0x30be     0x8  exit.o [2]
  .text              ro code       0x30c6     0x2  iar_startup_nrf51.o [1]
  .text              ro code       0x30c8     0xa  cexit.o [4]
  .text              ro code       0x30d2    0x1c  xsnprout.o [2]
  .text              ro code       0x30ee    0x1c  xencoding_8859_1.o [2]
  .text              ro code       0x310a     0x2  iar_startup_nrf51.o [1]
  .rodata            const         0x310c    0x18  app_error_weak.o [1]
  .text              ro code       0x3124     0xc  cstartup_M.o [4]
  .text              ro code       0x3130     0x2  iar_startup_nrf51.o [1]
  .text              ro code       0x3132     0x2  iar_startup_nrf51.o [1]
  .text              ro code       0x3134     0x2  iar_startup_nrf51.o [1]
  .text              ro code       0x3136     0x2  iar_startup_nrf51.o [1]
  .text              ro code       0x3138     0x2  iar_startup_nrf51.o [1]
  .text              ro code       0x313a     0x2  iar_startup_nrf51.o [1]
  .text              ro code       0x313c     0x2  iar_startup_nrf51.o [1]
  .text              ro code       0x313e     0x2  iar_startup_nrf51.o [1]
  .text              ro code       0x3140     0x2  iar_startup_nrf51.o [1]
  .text              ro code       0x3142     0x2  iar_startup_nrf51.o [1]
  .text              ro code       0x3144     0x2  iar_startup_nrf51.o [1]
  .text              ro code       0x3146     0x2  iar_startup_nrf51.o [1]
  .text              ro code       0x3148     0x2  iar_startup_nrf51.o [1]
  .text              ro code       0x314a     0x2  iar_startup_nrf51.o [1]
  .text              ro code       0x314c     0x2  iar_startup_nrf51.o [1]
  .text              ro code       0x314e     0x2  iar_startup_nrf51.o [1]
  .text              ro code       0x3150     0x2  iar_startup_nrf51.o [1]
  .text              ro code       0x3152     0x2  iar_startup_nrf51.o [1]
  .rodata            const         0x3154     0x1  xlocale_c.o [2]
  .rodata            const         0x3155     0x0  zero_init3.o [4]
  .rodata            const         0x3155     0x0  lz77_init_single.o [4]
  Initializer bytes  const         0x3155    0x40  <for P2-1>
                                 - 0x3195  0x30d5

"P2", part 1 of 3:                           0x84
  P2-1                        0x2000'0000    0x84  <Init block>
    .data            inited   0x2000'0000     0x4  system_nrf51.o [1]
    .data            inited   0x2000'0004    0x38  xlocale_c.o [2]
    .data            inited   0x2000'003c    0x48  xlocale_c.o [2]
                            - 0x2000'0084    0x84

"P2", part 2 of 3:                          0x770
  .bss               zero     0x2000'0084   0x418  nrf_log_frontend.o [1]
  .bss               zero     0x2000'049c   0x288  SEGGER_RTT.o [1]
  .bss               zero     0x2000'0724    0x48  nrf_drv_gpiote.o [1]
  .bss               zero     0x2000'076c    0x40  nrf_drv_spi.o [1]
  .bss               zero     0x2000'07ac    0x20  app_timer.o [1]
  .bss               zero     0x2000'07cc    0x1e  main.o [1]
  .bss               zero     0x2000'07ea     0x2  nrf_log_backend_serial.o [1]
  .bss               zero     0x2000'07ec     0x4  app_util_platform.o [1]
  .bss               zero     0x2000'07f0     0x4  xfail_s.o [2]
                            - 0x2000'07f4   0x770

"P2", part 3 of 3:                          0x800
  CSTACK                      0x2000'07f8   0x800  <Block>
    CSTACK           uninit   0x2000'07f8   0x800  <Block tail>
                            - 0x2000'0ff8   0x800

Unused ranges:

         From           To      Size
         ----           --      ----
       0x3195     0x3'ffff  0x3'ce6b
  0x2000'07f4  0x2000'07f7       0x4
  0x2000'0ff8  0x2000'7fff    0x7008


*******************************************************************************
*** INIT TABLE
***

          Address      Size
          -------      ----
Zero (__iar_zero_init3)
    1 destination range, total size 0x770:
          0x2000'0084  0x770

Copy/lz77 (__iar_lz77_init_single3)
    1 source range, total size 0x40 (48% of destination):
               0x3155   0x40
    1 destination range, total size 0x84:
          0x2000'0000   0x84



*******************************************************************************
*** MODULE SUMMARY
***

    Module                    ro code  ro data  rw data
    ------                    -------  -------  -------
command line/config:
    ---------------------------------------------------
    Total:

C:\Nordic\SDK\nRF5_SDK_12.3.0_d7731ad\examples\peripheral\Aashish_test\pca10028\blank\iar\_build: [1]
    SEGGER_RTT.o                  404               648
    app_error.o                    32
    app_error_weak.o               56       24
    app_timer.o                   992                32
    app_util_platform.o            44                 4
    iar_startup_nrf51.o           286
    main.o                        716       84       30
    nrf_drv_common.o               92
    nrf_drv_gpiote.o              540                72
    nrf_drv_spi.o                 816                64
    nrf_log_backend_serial.o      644                 2
    nrf_log_frontend.o            764             1'048
    system_nrf51.o                196        1        4
    ---------------------------------------------------
    Total:                      5'582      109    1'904

dl6M_tlf.a: [2]
    abort.o                        10
    exit.o                          8
    isalpha.o                      18
    isprint.o                      40
    ispunct.o                      18
    snprintf.o                     76
    xencoding_8859_1.o             28
    xfail_s.o                      72                 4
    xlocale_c.o                   200       68      128
    xmbcurmax.o                    10
    xprintffull.o               4'378      138
    xsnprout.o                     28
    ---------------------------------------------------
    Total:                      4'886      206      132

m6M_tl.a: [3]
    DblAddSub.o                   424
    DblCmpGe.o                     50
    DblCmpLe.o                     50
    DblDiv.o                      194
    DblMul.o                      388
    DblToI32.o                     82
    IxxToDbl.o                     52
    ---------------------------------------------------
    Total:                      1'240

rt6M_tl.a: [4]
    ABImemcpy.o                    78
    ABImemset_small.o              16
    I32DivMod.o                    94
    I64DivMod.o                   106
    XXexit.o                       12
    cexit.o                        10
    cmain.o                        30
    cstartup_M.o                   12
    data_init.o                    40
    lz77_init_single.o            126
    memchr.o                       22
    strchr.o                       18
    strlen.o                       14
    zero_init3.o                   60
    ---------------------------------------------------
    Total:                        638

    Linker created                          32    2'048
-------------------------------------------------------
    Grand Total:               12'346      347    4'084


*******************************************************************************
*** ENTRY LIST
***

Entry                       Address   Size  Type      Object
-----                       -------   ----  ----      ------
.iar.init_table$$Base        0x3080          --   Gb  - Linker created -
.iar.init_table$$Limit       0x30a0          --   Gb  - Linker created -
?main                        0x30a1         Code  Gb  cmain.o [4]
CSTACK$$Base            0x2000'07f8          --   Gb  - Linker created -
CSTACK$$Limit           0x2000'0ff8          --   Gb  - Linker created -
CacheMore                    0x129b   0x28  Code  Lc  xlocale_c.o [2]
GPIOTE_IRQHandler            0x2ccd  0x174  Code  Gb  nrf_drv_gpiote.o [1]
RTC1_IRQHandler              0x1a1b   0x8a  Code  Gb  app_timer.o [1]
Region$$Table$$Base          0x3080          --   Gb  - Linker created -
Region$$Table$$Limit         0x30a0          --   Gb  - Linker created -
SEGGER_RTT_Init              0x2529   0x12  Code  Gb  SEGGER_RTT.o [1]
SEGGER_RTT_WriteNoLock       0x24cb   0x56  Code  Gb  SEGGER_RTT.o [1]
SPI0_TWI0_IRQHandler         0x28d3    0xc  Code  Gb  nrf_drv_spi.o [1]
SPI1_TWI1_IRQHandler         0x28df    0xc  Code  Gb  nrf_drv_spi.o [1]
SWI0_IRQHandler              0x1acd  0x2a6  Code  Gb  app_timer.o [1]
SystemCoreClock         0x2000'0000    0x4  Data  Gb  system_nrf51.o [1]
SystemInit                   0x2e4d   0xa6  Code  Gb  system_nrf51.o [1]
_DoInit                      0x23ad   0x52  Code  Lc  SEGGER_RTT.o [1]
_Encoding_8859_1_Mbrlen
                             0x30ff    0x2  Code  Gb  xencoding_8859_1.o [2]
_Encoding_8859_1_Wctomb
                             0x30ef   0x10  Code  Gb  xencoding_8859_1.o [2]
_GetAvailWriteSpace          0x24b3   0x18  Code  Lc  SEGGER_RTT.o [1]
_LitobFull                   0x1033  0x120  Code  Lc  xprintffull.o [2]
_LocaleC_isalpha             0x125f    0xc  Code  Gb  xlocale_c.o [2]
_LocaleC_islower             0x1259    0x4  Code  Gb  xlocale_c.o [2]
_LocaleC_ispunct             0x1275   0x22  Code  Gb  xlocale_c.o [2]
_LocaleC_isupper             0x125d    0x2  Code  Gb  xlocale_c.o [2]
_Locale_lconv           0x2000'0004   0x38  Data  Lc  xlocale_c.o [2]
_PrintfFull                    0xc1  0xd9e  Code  Gb  xprintffull.o [2]
_PutcharsFull                0x11a5   0x36  Code  Lc  xprintffull.o [2]
_PutstrFull                   0xf73   0xc0  Code  Lc  xprintffull.o [2]
_PuttxtFull                   0xe5f  0x114  Code  Lc  xprintffull.o [2]
_SEGGER_RTT             0x2000'049c   0x78  Data  Gb  SEGGER_RTT.o [1]
_SNProut                     0x30d3   0x1c  Code  Gb  xsnprout.o [2]
_WriteBlocking               0x2415   0x5e  Code  Lc  SEGGER_RTT.o [1]
_WriteNoCheck                0x2473   0x40  Code  Lc  SEGGER_RTT.o [1]
__ICFEDIT_region_RAM_end__ {Abs}
                        0x2000'7fff         Data  Gb  <internal module>
__ICFEDIT_region_RAM_start__ {Abs}
                        0x2000'0000         Data  Gb  <internal module>
__Vectors                       0x0          --   Gb  iar_startup_nrf51.o [1]
__Vectors_End                  0xc0         Data  Gb  iar_startup_nrf51.o [1]
__Vectors_Size {Abs}           0xc0          --   Gb  iar_startup_nrf51.o [1]
__aeabi_cdcmple              0x13f3         Code  Gb  DblCmpLe.o [3]
__aeabi_cdrcmple             0x1425         Code  Gb  DblCmpGe.o [3]
__aeabi_d2iz                 0x1459         Code  Gb  DblToI32.o [3]
__aeabi_d2uiz                0x147d         Code  Gb  DblToI32.o [3]
__aeabi_ddiv                 0x16e7         Code  Gb  DblDiv.o [3]
__aeabi_dmul                 0x17a9         Code  Gb  DblMul.o [3]
__aeabi_dsub                 0x159b         Code  Gb  DblAddSub.o [3]
__aeabi_i2d                  0x14cd         Code  Gb  IxxToDbl.o [3]
__aeabi_memcpy               0x13d9         Code  Gb  ABImemcpy.o [4]
__aeabi_memcpy4              0x13a5         Code  Gb  ABImemcpy.o [4]
__aeabi_memcpy8              0x13a5         Code  Gb  ABImemcpy.o [4]
__aeabi_ui2d                 0x14ad         Code  Gb  IxxToDbl.o [3]
__aeabi_uldivmod             0x1937         Code  Gb  I64DivMod.o [4]
__cmain                      0x30a1         Code  Gb  cmain.o [4]
__exit                       0x19ad         Code  Gb  XXexit.o [4]
__iar_Fail_s                 0x1335   0x22  Code  Gb  xfail_s.o [2]
__iar_Mbcurmax               0x192d    0xa  Code  Gb  xmbcurmax.o [2]
__iar_Memchr                 0x138d         Code  Gb  memchr.o [4]
__iar_Memcpy                 0x13e5         Code  Gb  ABImemcpy.o [4]
__iar_Strchr                 0x1321         Code  Gb  strchr.o [4]
__iar_d2uiz                  0x1481         Code  Gb  DblToI32.o [3]
__iar_data_init3             0x3035   0x28  Code  Gb  data_init.o [4]
__iar_globLocale        0x2000'003c   0x48  Data  Lc  xlocale_c.o [2]
__iar_global_Locale          0x1297    0x4  Code  Gb  xlocale_c.o [2]
__iar_lz77_init_single3
                             0x11db   0x7e  Code  Gb  lz77_init_single.o [4]
__iar_program_start          0x3125         Code  Gb  cstartup_M.o [4]
__iar_small_Memset4_word
                             0x1dbd         Code  Gb  ABImemset_small.o [4]
__iar_small_Memset_word
                             0x1dbd         Code  Gb  ABImemset_small.o [4]
__iar_small_idiv             0x1689         Code  Gb  I32DivMod.o [4]
__iar_small_idivmod          0x1689         Code  Gb  I32DivMod.o [4]
__iar_small_memclr           0x1db9         Code  Gb  ABImemset_small.o [4]
__iar_small_memclr4          0x1db9         Code  Gb  ABImemset_small.o [4]
__iar_small_memclr8          0x1db9         Code  Gb  ABImemset_small.o [4]
__iar_small_memset           0x1dbd         Code  Gb  ABImemset_small.o [4]
__iar_small_memset4          0x1dbd         Code  Gb  ABImemset_small.o [4]
__iar_small_memset8          0x1dbd         Code  Gb  ABImemset_small.o [4]
__iar_small_uidiv            0x16b1         Code  Gb  I32DivMod.o [4]
__iar_small_uidivmod         0x16b1         Code  Gb  I32DivMod.o [4]
__iar_zero_init3             0x2f9b   0x3c  Code  Gb  zero_init3.o [4]
__vector_table                  0x0         Data  Gb  iar_startup_nrf51.o [1]
_acDownBuffer           0x2000'0714   0x10  Data  Lc  SEGGER_RTT.o [1]
_acUpBuffer             0x2000'0514  0x200  Data  Lc  SEGGER_RTT.o [1]
_call_main                   0x30ad         Code  Gb  cmain.o [4]
_exit                        0x30c9         Code  Gb  cexit.o [4]
_gLocale_mblen               0x12ff    0xa  Code  Gb  xlocale_c.o [2]
_gLocale_mblenInt            0x12c3   0x34  Code  Gb  xlocale_c.o [2]
_gLocale_wctomb              0x1309    0xa  Code  Gb  xlocale_c.o [2]
_gLocale_wctombInt           0x12f7    0x8  Code  Gb  xlocale_c.o [2]
_main                        0x30bb         Code  Gb  cmain.o [4]
abort                        0x19a1    0xa  Code  Gb  abort.o [2]
app_error_fault_handler
                             0x1dc9   0x38  Code  Wk  app_error_weak.o [1]
app_error_handler_bare       0x1d99   0x1a  Code  Gb  app_error.o [1]
app_util_critical_region_enter
                             0x2391    0x2  Code  Gb  app_util_platform.o [1]
app_util_critical_region_exit
                             0x23a5    0x8  Code  Gb  app_util_platform.o [1]
app_util_enable_irq          0x2381    0xe  Code  Gb  app_util_platform.o [1]
buf_len_update               0x2149   0x12  Code  Lc  nrf_log_backend_serial.o [1]
buf_prealloc                 0x1e4d   0x52  Code  Lc  nrf_log_frontend.o [1]
exit                         0x30bf    0x8  Code  Gb  exit.o [2]
irq_handler_spi              0x28a1   0x32  Code  Lc  nrf_drv_spi.o [1]
isalpha                      0x25b5   0x12  Code  Gb  isalpha.o [2]
isprint                      0x258d   0x28  Code  Gb  isprint.o [2]
ispunct                      0x25c7   0x12  Code  Gb  ispunct.o [2]
localeconv                   0x1313    0x4  Code  Gb  xlocale_c.o [2]
lsm_init                     0x2a95   0x42  Code  Gb  main.o [1]
lsm_spi_event_handler        0x2965   0x1a  Code  Gb  main.o [1]
m_blocking_mode         0x2000'07eb    0x1  Data  Lc  nrf_log_backend_serial.o [1]
m_cb                    0x2000'0724   0x48  Data  Lc  nrf_drv_gpiote.o [1]
m_cb                    0x2000'076c   0x40  Data  Lc  nrf_drv_spi.o [1]
m_evt_schedule_func     0x2000'07c8    0x4  Data  Lc  app_timer.o [1]
m_in_critical_region    0x2000'07ec    0x4  Data  Lc  app_util_platform.o [1]
m_initialized           0x2000'07ea    0x1  Data  Lc  nrf_log_backend_serial.o [1]
m_log_data              0x2000'0084  0x418  Data  Lc  nrf_log_frontend.o [1]
m_op_queue              0x2000'07ac    0x8  Data  Lc  app_timer.o [1]
m_rtc1_reset            0x2000'07b7    0x1  Data  Lc  app_timer.o [1]
m_rtc1_running          0x2000'07b6    0x1  Data  Lc  app_timer.o [1]
m_ticks_elapsed         0x2000'07c0    0x8  Data  Lc  app_timer.o [1]
m_ticks_elapsed_q_read_ind
                        0x2000'07b4    0x1  Data  Lc  app_timer.o [1]
m_ticks_elapsed_q_write_ind
                        0x2000'07b5    0x1  Data  Lc  app_timer.o [1]
m_ticks_latest          0x2000'07bc    0x4  Data  Lc  app_timer.o [1]
main                         0x2ae1   0xe0  Code  Gb  main.o [1]
memchr                       0x138d         Code  Gb  memchr.o [4]
mp_timer_id_head        0x2000'07b8    0x4  Data  Lc  app_timer.o [1]
nrf_bitmask_bit_is_set       0x2cb5   0x10  Code  Lc  nrf_drv_gpiote.o [1]
nrf_delay_us                 0x19b9   0x26  Code  Lc  app_timer.o [1]
nrf_drv_common_irq_enable
                             0x2909   0x5c  Code  Gb  nrf_drv_common.o [1]
nrf_drv_spi_init             0x2643  0x120  Code  Gb  nrf_drv_spi.o [1]
nrf_drv_spi_transfer         0x2763   0x18  Code  Gb  nrf_drv_spi.o [1]
nrf_drv_spi_xfer             0x27d1   0xcc  Code  Gb  nrf_drv_spi.o [1]
nrf_gpio_cfg                 0x25eb   0x26  Code  Lc  nrf_drv_spi.o [1]
nrf_gpio_cfg_output          0x2611   0x14  Code  Lc  nrf_drv_spi.o [1]
nrf_gpio_cfg_sense_set       0x2c57   0x30  Code  Lc  nrf_drv_gpiote.o [1]
nrf_gpio_pin_clear           0x262f   0x14  Code  Lc  nrf_drv_spi.o [1]
nrf_gpio_pin_port_decode
                             0x2c51    0x6  Code  Lc  nrf_drv_gpiote.o [1]
nrf_gpio_pin_port_decode
                             0x25e5    0x6  Code  Lc  nrf_drv_spi.o [1]
nrf_gpio_pin_set             0x2625    0xa  Code  Lc  nrf_drv_spi.o [1]
nrf_gpio_ports_read          0x2c89   0x28  Code  Lc  nrf_drv_gpiote.o [1]
nrf_gpiote_event_addr_get
                             0x2c4b    0x6  Code  Lc  nrf_drv_gpiote.o [1]
nrf_gpiote_event_clear       0x2c3f    0xc  Code  Lc  nrf_drv_gpiote.o [1]
nrf_gpiote_event_is_set
                             0x2c31    0xe  Code  Lc  nrf_drv_gpiote.o [1]
nrf_log_backend_hexdump_handler_get
                             0x2367    0x4  Code  Gb  nrf_log_backend_serial.o [1]
nrf_log_backend_init         0x20fd   0x20  Code  Gb  nrf_log_backend_serial.o [1]
nrf_log_backend_serial_hexdump_handler
                             0x223f  0x124  Code  Lc  nrf_log_backend_serial.o [1]
nrf_log_backend_serial_std_handler
                             0x2189   0xb6  Code  Lc  nrf_log_backend_serial.o [1]
nrf_log_backend_std_handler_get
                             0x2363    0x4  Code  Gb  nrf_log_backend_serial.o [1]
nrf_log_blocking_backend_set
                             0x1e25    0xa  Code  Gb  nrf_log_frontend.o [1]
nrf_log_frontend_dequeue
                             0x1f91  0x15e  Code  Gb  nrf_log_frontend.o [1]
nrf_log_frontend_init        0x1e2f   0x14  Code  Gb  nrf_log_frontend.o [1]
nrf_log_frontend_std_0       0x1ead   0x2e  Code  Gb  nrf_log_frontend.o [1]
nrf_log_frontend_std_1       0x1edb   0x40  Code  Gb  nrf_log_frontend.o [1]
nrf_log_frontend_std_3       0x1f1b   0x68  Code  Gb  nrf_log_frontend.o [1]
nrf_log_handlers_set         0x1e43    0x8  Code  Gb  nrf_log_frontend.o [1]
nrf_log_init                 0x1e01   0x24  Code  Gb  nrf_log_frontend.o [1]
nrf_spi_event_clear          0x25d9    0x6  Code  Lc  nrf_drv_spi.o [1]
nrf_spi_init                 0x299d   0x4e  Code  Gb  main.o [1]
nrf_spi_txd_set              0x25df    0x6  Code  Lc  nrf_drv_spi.o [1]
read_register                0x2a15   0x44  Code  Gb  main.o [1]
rtc1_stop                    0x19df   0x32  Code  Lc  app_timer.o [1]
scale                        0x1153   0x44  Code  Lc  xprintffull.o [2]
sec_hand                0x2000'07f0    0x4  Data  Lc  xfail_s.o [2]
serial_is_busy               0x211d    0x4  Code  Lc  nrf_log_backend_serial.o [1]
serial_tx                    0x2121   0x28  Code  Lc  nrf_log_backend_serial.o [1]
simple_write                 0x2a59   0x34  Code  Gb  main.o [1]
snprintf                     0x2541   0x4c  Code  Gb  snprintf.o [2]
spi                          0x2a8c    0x8  Data  Lc  main.o [1]
spi_register_buffer     0x2000'07e9    0x1  Data  Gb  main.o [1]
spi_rx_buffer           0x2000'07d8   0x10  Data  Gb  main.o [1]
spi_tx_buffer           0x2000'07cc    0xc  Data  Gb  main.o [1]
spi_tx_done             0x2000'07e8    0x1  Data  Lc  main.o [1]
strchr                       0x1321         Code  Gb  strchr.o [4]
strlen                       0x137d         Code  Gb  strlen.o [4]
timer_list_handler_sched
                             0x1a11    0xa  Code  Lc  app_timer.o [1]
timestamp_process            0x215d   0x2a  Code  Lc  nrf_log_backend_serial.o [1]
transfer_byte                0x277b   0x56  Code  Lc  nrf_drv_spi.o [1]


[1] = C:\Nordic\SDK\nRF5_SDK_12.3.0_d7731ad\examples\peripheral\Aashish_test\pca10028\blank\iar\_build
[2] = dl6M_tlf.a
[3] = m6M_tl.a
[4] = rt6M_tl.a

  12'346 bytes of readonly  code memory
     347 bytes of readonly  data memory
   4'084 bytes of readwrite data memory

Errors: none
Warnings: none
